// Jest Snapshot v1, https://jestjs.io/docs/snapshot-testing

exports[`Notices HTML Structure for Parsing Integration Tests - Rendered Components HTML Contract Snapshot Tests should maintain consistent HTML structure for notice detail (snapshot) 1`] = `"<article class="notice-detail" data-notice-id="snapshot-notice"><h1 data-notice-title="true">Snapshot Test Notice</h1><div data-notice-body="true" data-content-format="html"><p>Snapshot body content</p></div><ul class="attachments-list"><li data-attachment-id="snapshot-attach-1"><a href="/api/attachments/download/snapshot-attach-1" data-attachment-download-url="/api/attachments/download/snapshot-attach-1" data-attachment-filename="test.pdf" data-attachment-filetype="application/pdf" data-attachment-size="1024">test.pdf</a></li></ul></article>"`;
